exports[`test renders correctly 1`] = `
<div>
  hi!
</div>
`;
