// Jest Snapshot v1, https://goo.gl/fbAQLP

exports[`outputs coverage report with \`isolatedModules: false\` 1`] = `
-------------------------|---------|----------|---------|---------|-------------------
File                     | % Stmts | % Branch | % Funcs | % Lines | Uncovered Line #s 
-------------------------|---------|----------|---------|---------|-------------------
All files                |   81.25 |        0 |   33.33 |   90.91 |                   
 file.js                 |     100 |      100 |     100 |     100 |                   
 jest-isolated.config.js |       0 |      100 |     100 |       0 | 2                 
 other-file.js           |     100 |      100 |     100 |     100 |                   
 sum-dependency.ts       |      75 |        0 |       0 |     100 | 3                 
 sum.ts                  |   88.89 |      100 |      50 |     100 |                   
-------------------------|---------|----------|---------|---------|-------------------
`;

exports[`outputs coverage report with \`isolatedModules: true\` 1`] = `
-------------------------|---------|----------|---------|---------|-------------------
File                     | % Stmts | % Branch | % Funcs | % Lines | Uncovered Line #s 
-------------------------|---------|----------|---------|---------|-------------------
All files                |   81.25 |        0 |   33.33 |   90.91 |                   
 file.js                 |     100 |      100 |     100 |     100 |                   
 jest-isolated.config.js |       0 |      100 |     100 |       0 | 2                 
 other-file.js           |     100 |      100 |     100 |     100 |                   
 sum-dependency.ts       |      75 |        0 |       0 |     100 | 3                 
 sum.ts                  |   88.89 |      100 |      50 |     100 |                   
-------------------------|---------|----------|---------|---------|-------------------
`;
