// Jest Snapshot v1, https://goo.gl/fbAQLP

exports[`using template "default" should report coverages 1`] = `
  √ jest
  ↳ exit code: 0
  ===[ STDOUT ]===================================================================
  ----------|----------|----------|----------|----------|-------------------|
  File      |  % Stmts | % Branch |  % Funcs |  % Lines | Uncovered Line #s |
  ----------|----------|----------|----------|----------|-------------------|
  All files |       80 |      100 |    66.67 |       75 |                   |
   Hello.ts |       80 |      100 |    66.67 |       75 |                 5 |
  ----------|----------|----------|----------|----------|-------------------|
  ===[ STDERR ]===================================================================
  PASS ./Hello.spec.ts
    Hello Class
      √ should create a new Hello
  
  Test Suites: 1 passed, 1 total
  Tests:       1 passed, 1 total
  Snapshots:   0 total
  Time:        XXs
  Ran all test suites.
  ================================================================================
`;

exports[`using template "with-babel-7" should report coverages 1`] = `
  √ jest
  ↳ exit code: 0
  ===[ STDOUT ]===================================================================
  ----------|----------|----------|----------|----------|-------------------|
  File      |  % Stmts | % Branch |  % Funcs |  % Lines | Uncovered Line #s |
  ----------|----------|----------|----------|----------|-------------------|
  All files |    83.33 |      100 |    66.67 |       80 |                   |
   Hello.ts |    83.33 |      100 |    66.67 |       80 |                 5 |
  ----------|----------|----------|----------|----------|-------------------|
  ===[ STDERR ]===================================================================
  PASS ./Hello.spec.ts
    Hello Class
      √ should create a new Hello
  
  Test Suites: 1 passed, 1 total
  Tests:       1 passed, 1 total
  Snapshots:   0 total
  Time:        XXs
  Ran all test suites.
  ================================================================================
`;

exports[`using template "with-typescript-2-7" should report coverages 1`] = `
  √ jest
  ↳ exit code: 0
  ===[ STDOUT ]===================================================================
  ----------|----------|----------|----------|----------|-------------------|
  File      |  % Stmts | % Branch |  % Funcs |  % Lines | Uncovered Line #s |
  ----------|----------|----------|----------|----------|-------------------|
  All files |       80 |      100 |    66.67 |       75 |                   |
   Hello.ts |       80 |      100 |    66.67 |       75 |                 5 |
  ----------|----------|----------|----------|----------|-------------------|
  ===[ STDERR ]===================================================================
  PASS ./Hello.spec.ts
    Hello Class
      √ should create a new Hello
  
  Test Suites: 1 passed, 1 total
  Tests:       1 passed, 1 total
  Snapshots:   0 total
  Time:        XXs
  Ran all test suites.
  ================================================================================
`;
