// Jest Snapshot v1, https://goo.gl/fbAQLP

exports[`partial successfully runs the tests inside enum with 'isolatedModules: false' 1`] = `
"FAIL __tests__/import-from-d-ts-no-js.spec.ts
  ● Test suite failed to run

    Cannot find module '../hoo-constant' from '__tests__/import-from-d-ts-no-js.spec.ts'

    However, Jest was able to find:
    	'../hoo-constant.d.ts'

    You might want to include a file extension in your import, or update your 'moduleFileExtensions', which is currently ['js', 'mjs', 'cjs', 'jsx', 'ts', 'tsx', 'json', 'node'].

    See https://jestjs.io/docs/configuration#modulefileextensions-arraystring

    > 1 | import { FooEnum } from '../hoo-constant'
        | ^
      2 |
      3 | const getTwo = (): string => FooEnum.two
      4 |

      at Resolver._throwModNotFoundError (../../node_modules/jest-resolve/build/resolver.js:491:11)
      at Object.<anonymous> (__tests__/import-from-d-ts-no-js.spec.ts:1:1)

PASS __tests__/import-from-d-ts-has-js.spec.ts
PASS __tests__/import-from-ts.spec.ts"
`;

exports[`partial successfully runs the tests inside enum with 'isolatedModules: true' 1`] = `
"FAIL __tests__/import-from-d-ts-no-js.spec.ts
  ● Test suite failed to run

    Cannot find module '../hoo-constant' from '__tests__/import-from-d-ts-no-js.spec.ts'

    However, Jest was able to find:
    	'../hoo-constant.d.ts'

    You might want to include a file extension in your import, or update your 'moduleFileExtensions', which is currently ['js', 'mjs', 'cjs', 'jsx', 'ts', 'tsx', 'json', 'node'].

    See https://jestjs.io/docs/configuration#modulefileextensions-arraystring

    > 1 | import { FooEnum } from '../hoo-constant'
        | ^
      2 |
      3 | const getTwo = (): string => FooEnum.two
      4 |

      at Resolver._throwModNotFoundError (../../node_modules/jest-resolve/build/resolver.js:491:11)
      at Object.<anonymous> (__tests__/import-from-d-ts-no-js.spec.ts:1:1)

PASS __tests__/import-from-d-ts-has-js.spec.ts
PASS __tests__/import-from-ts.spec.ts"
`;
