// Jest Snapshot v1, https://goo.gl/fbAQLP

exports[`ts-jest/presets/js-with-babel should pass using template "with-babel-7" 1`] = `
  √ jest
  ↳ exit code: 0
  ===[ STDOUT ]===================================================================
  
  ===[ STDERR ]===================================================================
  PASS ./main.spec.js
    √ spread
  
  Test Suites: 1 passed, 1 total
  Tests:       1 passed, 1 total
  Snapshots:   0 total
  Time:        XXs
  Ran all test suites.
  ================================================================================
`;

exports[`ts-jest/presets/js-with-babel should pass using template "with-babel-7-string-config" 1`] = `
  √ jest
  ↳ exit code: 0
  ===[ STDOUT ]===================================================================
  
  ===[ STDERR ]===================================================================
  PASS ./main.spec.js
    √ spread
  
  Test Suites: 1 passed, 1 total
  Tests:       1 passed, 1 total
  Snapshots:   0 total
  Time:        XXs
  Ran all test suites.
  ================================================================================
`;
